Collecting torch
  Downloading torch-2.14.0-cp311-cp311-win_amd64.whl.metadata (38 kB)
Collecting diffusers
  Downloading diffusers-0.40.0-py3-none-any.whl.metadata (20 kB)
Collecting transformers
  Downloading transformers-5.16.1-py3-none-any.whl.metadata (32 kB)
Collecting accelerate
  Downloading accelerate-1.14.0-py3-none-any.whl.metadata (19 kB)
Collecting momentfm
  Downloading momentfm-0.1.4-py3-none-any.whl.metadata (16 kB)
Collecting safetensors
  Downloading safetensors-0.8.0-cp310-abi3-win_amd64.whl.metadata (4.2 kB)
Requirement already satisfied: filelock in .\.venv\Lib\site-packages (from torch) (3.32.5)
Requirement already satisfied: typing-extensions>=4.10.0 in .\.venv\Lib\site-packages (from torch) (4.16.0)
Collecting setuptools>=77.0.3 (from torch)
  Using cached setuptools-84.0.0-py3-none-any.whl.metadata (6.6 kB)
Collecting sympy>=1.13.3 (from torch)
  Downloading sympy-1.14.0-py3-none-any.whl.metadata (12 kB)
Collecting networkx>=2.5.1 (from torch)
  Downloading networkx-3.6.1-py3-none-any.whl.metadata (6.8 kB)
Collecting jinja2 (from torch)
  Using cached jinja2-3.1.6-py3-none-any.whl.metadata (2.9 kB)
Requirement already satisfied: fsspec>=0.8.5 in .\.venv\Lib\site-packages (from torch) (2026.7.0)
Collecting importlib_metadata (from diffusers)
  Downloading importlib_metadata-9.0.1-py3-none-any.whl.metadata (4.5 kB)
Requirement already satisfied: httpx<1.0.0 in .\.venv\Lib\site-packages (from diffusers) (0.27.2)
Requirement already satisfied: huggingface-hub<2.0,>=1.23.0 in .\.venv\Lib\site-packages (from diffusers) (1.30.0)
Requirement already satisfied: numpy in .\.venv\Lib\site-packages (from diffusers) (1.26.4)
Collecting regex!=2019.12.17 (from diffusers)
  Downloading regex-2026.9.3-cp311-cp311-win_amd64.whl.metadata (41 kB)
Requirement already satisfied: requests in .\.venv\Lib\site-packages (from diffusers) (2.34.2)
Requirement already satisfied: Pillow in .\.venv\Lib\site-packages (from diffusers) (10.4.0)
Requirement already satisfied: anyio in .\.venv\Lib\site-packages (from httpx<1.0.0->diffusers) (4.15.1)
Requirement already satisfied: certifi in .\.venv\Lib\site-packages (from httpx<1.0.0->diffusers) (2026.7.22)
Requirement already satisfied: httpcore==1.* in .\.venv\Lib\site-packages (from httpx<1.0.0->diffusers) (1.0.9)
Requirement already satisfied: idna in .\.venv\Lib\site-packages (from httpx<1.0.0->diffusers) (3.19)
Requirement already satisfied: sniffio in .\.venv\Lib\site-packages (from httpx<1.0.0->diffusers) (1.3.1)
Requirement already satisfied: h11>=0.16 in .\.venv\Lib\site-packages (from httpcore==1.*->httpx<1.0.0->diffusers) (0.16.0)
Requirement already satisfied: click<9.0.0,>=8.4.2 in .\.venv\Lib\site-packages (from huggingface-hub<2.0,>=1.23.0->diffusers) (8.5.0)
Requirement already satisfied: hf-xet<2.0.0,>=1.5.2 in .\.venv\Lib\site-packages (from huggingface-hub<2.0,>=1.23.0->diffusers) (1.6.0)
Requirement already satisfied: packaging>=20.9 in .\.venv\Lib\site-packages (from huggingface-hub<2.0,>=1.23.0->diffusers) (26.3)
Requirement already satisfied: pyyaml>=5.1 in .\.venv\Lib\site-packages (from huggingface-hub<2.0,>=1.23.0->diffusers) (6.0.3)
Requirement already satisfied: tqdm>=4.42.1 in .\.venv\Lib\site-packages (from huggingface-hub<2.0,>=1.23.0->diffusers) (4.70.0)
Requirement already satisfied: tokenizers<0.24.0,>=0.23.1 in .\.venv\Lib\site-packages (from transformers) (0.23.2)
Requirement already satisfied: typer in .\.venv\Lib\site-packages (from transformers) (0.27.2)
Requirement already satisfied: psutil in .\.venv\Lib\site-packages (from accelerate) (6.0.0)
INFO: pip is looking at multiple versions of momentfm to determine which version is compatible with other requirements. This could take a while.
Collecting momentfm
  Downloading momentfm-0.1.3-py3-none-any.whl.metadata (16 kB)
  Downloading momentfm-0.1.1-py3-none-any.whl.metadata (15 kB)
  Downloading momentfm-0.1-py3-none-any.whl.metadata (15 kB)
Collecting accelerate
  Downloading accelerate-1.13.0-py3-none-any.whl.metadata (19 kB)
INFO: pip is still looking at multiple versions of momentfm to determine which version is compatible with other requirements. This could take a while.
  Downloading accelerate-1.12.0-py3-none-any.whl.metadata (19 kB)
Collecting tokenizers<0.24.0,>=0.23.1 (from transformers)
  Using cached tokenizers-0.23.2-cp310-abi3-win_amd64.whl.metadata (10 kB)
INFO: This is taking longer than usual. You might need to provide the dependency resolver with stricter constraints to reduce runtime. See https://pip.pypa.io/warnings/backtracking for guidance. If you want to abort this run, press Ctrl + C.
Collecting transformers
  Downloading transformers-5.16.0-py3-none-any.whl.metadata (32 kB)
Collecting diffusers
  Downloading diffusers-0.39.0-py3-none-any.whl.metadata (20 kB)
Collecting huggingface-hub==0.24.0 (from momentfm)
  Downloading huggingface_hub-0.24.0-py3-none-any.whl.metadata (13 kB)
Collecting numpy==1.25.2 (from momentfm)
  Downloading numpy-1.25.2-cp311-cp311-win_amd64.whl.metadata (5.7 kB)
Collecting transformers
  Downloading transformers-4.33.3-py3-none-any.whl.metadata (119 kB)
INFO: pip is looking at multiple versions of diffusers to determine which version is compatible with other requirements. This could take a while.
Collecting diffusers
  Downloading diffusers-0.38.0-py3-none-any.whl.metadata (20 kB)
  Downloading diffusers-0.37.1-py3-none-any.whl.metadata (20 kB)
  Downloading diffusers-0.37.0-py3-none-any.whl.metadata (20 kB)
  Downloading diffusers-0.36.0-py3-none-any.whl.metadata (20 kB)
  Downloading diffusers-0.35.2-py3-none-any.whl.metadata (20 kB)
  Downloading diffusers-0.35.1-py3-none-any.whl.metadata (20 kB)
  Downloading diffusers-0.35.0-py3-none-any.whl.metadata (20 kB)
INFO: pip is still looking at multiple versions of diffusers to determine which version is compatible with other requirements. This could take a while.
  Downloading diffusers-0.34.0-py3-none-any.whl.metadata (20 kB)
  Downloading diffusers-0.33.1-py3-none-any.whl.metadata (19 kB)
  Downloading diffusers-0.33.0-py3-none-any.whl.metadata (20 kB)
  Downloading diffusers-0.32.2-py3-none-any.whl.metadata (18 kB)
Collecting tokenizers!=0.11.3,<0.14,>=0.11.1 (from transformers)
  Downloading tokenizers-0.13.3-cp311-cp311-win_amd64.whl.metadata (6.9 kB)
Collecting mpmath<1.4,>=1.1.0 (from sympy>=1.13.3->torch)
  Downloading mpmath-1.3.0-py3-none-any.whl.metadata (8.6 kB)
Requirement already satisfied: colorama in .\.venv\Lib\site-packages (from tqdm>=4.42.1->huggingface-hub<2.0,>=1.23.0->diffusers) (0.4.6)
Collecting zipp>=3.20 (from importlib_metadata->diffusers)
  Downloading zipp-4.1.0-py3-none-any.whl.metadata (3.6 kB)
Collecting MarkupSafe>=2.0 (from jinja2->torch)
  Downloading markupsafe-3.0.3-cp311-cp311-win_amd64.whl.metadata (2.8 kB)
Requirement already satisfied: charset_normalizer<4,>=2 in .\.venv\Lib\site-packages (from requests->diffusers) (3.5.1)
Requirement already satisfied: urllib3<3,>=1.26 in .\.venv\Lib\site-packages (from requests->diffusers) (2.7.0)
Downloading torch-2.14.0-cp311-cp311-win_amd64.whl (124.1 MB)
   ---------------------------------------- 124.1/124.1 MB 3.1 MB/s  0:00:41
Downloading momentfm-0.1.4-py3-none-any.whl (34 kB)
Downloading huggingface_hub-0.24.0-py3-none-any.whl (419 kB)
Downloading diffusers-0.32.2-py3-none-any.whl (3.2 MB)
   ---------------------------------------- 3.2/3.2 MB 5.6 MB/s  0:00:00
Downloading transformers-4.33.3-py3-none-any.whl (7.6 MB)
   ---------------------------------------- 7.6/7.6 MB 3.1 MB/s  0:00:02
Downloading numpy-1.25.2-cp311-cp311-win_amd64.whl (15.5 MB)
   ---------------------------------------- 15.5/15.5 MB 3.3 MB/s  0:00:04
Downloading tokenizers-0.13.3-cp311-cp311-win_amd64.whl (3.5 MB)
   ---------------------------------------- 3.5/3.5 MB 4.5 MB/s  0:00:00
Downloading accelerate-1.14.0-py3-none-any.whl (389 kB)
Downloading safetensors-0.8.0-cp310-abi3-win_amd64.whl (355 kB)
Downloading networkx-3.6.1-py3-none-any.whl (2.1 MB)
   ---------------------------------------- 2.1/2.1 MB 5.8 MB/s  0:00:00
Downloading regex-2026.9.3-cp311-cp311-win_amd64.whl (278 kB)
Using cached setuptools-84.0.0-py3-none-any.whl (818 kB)
Downloading sympy-1.14.0-py3-none-any.whl (6.3 MB)
   ---------------------------------------- 6.3/6.3 MB 4.4 MB/s  0:00:01
Downloading mpmath-1.3.0-py3-none-any.whl (536 kB)
   ---------------------------------------- 536.2/536.2 kB 438.5 kB/s  0:00:00
Downloading importlib_metadata-9.0.1-py3-none-any.whl (27 kB)
Downloading zipp-4.1.0-py3-none-any.whl (10 kB)
Using cached jinja2-3.1.6-py3-none-any.whl (134 kB)
Downloading markupsafe-3.0.3-cp311-cp311-win_amd64.whl (15 kB)
Installing collected packages: tokenizers, mpmath, zipp, sympy, setuptools, safetensors, regex, numpy, networkx, MarkupSafe, jinja2, importlib_metadata, huggingface-hub, transformers, torch, diffusers, momentfm, accelerate
  Attempting uninstall: tokenizers
    Found existing installation: tokenizers 0.23.2
    Uninstalling tokenizers-0.23.2:
      Successfully uninstalled tokenizers-0.23.2
  WARNING: Failed to remove contents in a temporary directory 'C:\Users\Guransh Rally\smartindiahackathon\.venv\Lib\site-packages\~okenizers'.
  You can safely remove it manually.
  Attempting uninstall: setuptools
    Found existing installation: setuptools 65.5.0
    Uninstalling setuptools-65.5.0:
      Successfully uninstalled setuptools-65.5.0
  Attempting uninstall: numpy
    Found existing installation: numpy 1.26.4
    Uninstalling numpy-1.26.4:
      Successfully uninstalled numpy-1.26.4
  WARNING: Failed to remove contents in a temporary directory 'C:\Users\Guransh Rally\smartindiahackathon\.venv\Lib\site-packages\~umpy.libs'.
  You can safely remove it manually.
  WARNING: Failed to remove contents in a temporary directory 'C:\Users\Guransh Rally\smartindiahackathon\.venv\Lib\site-packages\~umpy'.
  You can safely remove it manually.
  Attempting uninstall: huggingface-hub
    Found existing installation: huggingface_hub 1.30.0
    Uninstalling huggingface_hub-1.30.0:
      Successfully uninstalled huggingface_hub-1.30.0

Successfully installed MarkupSafe-3.0.3 accelerate-1.14.0 diffusers-0.32.2 huggingface-hub-0.24.0 importlib_metadata-9.0.1 jinja2-3.1.6 momentfm-0.1.4 mpmath-1.3.0 networkx-3.6.1 numpy-1.25.2 regex-2026.9.3 safetensors-0.8.0 setuptools-84.0.0 sympy-1.14.0 tokenizers-0.13.3 torch-2.14.0 transformers-4.33.3 zipp-4.1.0
